LISTING FOR LOGIC DESCRIPTION FILE: BCD27.pld                        Page 1

CUPL(WM): Universal Compiler for Programmable Logic
Version 5.0a Serial# 60008009
Copyright (c) 1983, 1998 Logical Devices, Inc.
Created Fri Apr 28 09:35:54 2023

  1:Name     bcd7s ;
  2:PartNo   00 ;
  3:Date     27/04/2023 ;
  4:Revision 01 ;
  5:Designer JRAY ;
  6:Company  CUCEI ;
  7:Assembly None ;
  8:Location  ;
  9:Device   g22v10 ;
 10:
 11:/* *************** INPUT PINS *********************/
 12:PIN 1 = A                        ; /*                                 */ 
 13:PIN 2 = B                        ; /*                                 */ 
 14:PIN 3 = C                        ; /*                                 */ 
 15:PIN 4 = D                        ; /*                                 */ 
 16:
 17:/* *************** OUTPUT PINS *********************/
 18:PIN 14 = SEGA                    ; /*                                 */ 
 19:PIN 15 = SEGB                    ; /*                                 */ 
 20:PIN 16 = SEGC                    ; /*                                 */ 
 21:PIN 17 = SEGD                    ; /*                                 */ 
 22:PIN 18 = SEGE                    ; /*                                 */ 
 23:PIN 19 = SEGF                    ; /*                                 */ 
 24:PIN 20 = SEGG                    ; /*                                 */ 
 25:
 26:SEGA = ((!A) & (!B) & (!C) & (D)) # ((B) & (!C) & (!D));
 27:SEGB = ((B) & (!C) & (D)) # ((B) & (C) & (!D));
 28:SEGC = (!B) & (C) & (!D);
 29:SEGD = ((!A) & (!B) & (!C) & (D)) # ((B) & (!C) & (!D)) # ((B) & (C) & (D));
 30:SEGE = ((B) & (!C)) # D;
 31:SEGF = ((!A) &(!B) & (D)) # ((!B) & (C))# ((C) & (D));
 32:SEGG = ((!A) & (!B) & (!C)) # ((B) & (C) & (D));
 33:
 34:
 35:
 36:
 37:
 38:



Jedec Fuse Checksum       (7915)
Jedec Transmit Checksum   (7451)
